---
source: src/info/author.rs
expression: buffer
---
[38;2;255;255;255;1mAuthors[0m[39;1m:[0m [39m75% John Doe <john.doe@email.com> 1500[0m
[39m         80% Roberto Berto 240[0m

